******************************************************************************
                  TI ARM Linker PC v20.2.7                     
******************************************************************************
>> Linked Mon Aug 19 15:09:19 2024

OUTPUT FILE NAME:   <AUTOSAR_Project.out>
ENTRY POINT SYMBOL: "_c_int00_noargs"  address: 000011d5


MEMORY CONFIGURATION

         name            origin    length      used     unused   attr    fill
----------------------  --------  ---------  --------  --------  ----  --------
  FLASH                 00000000   00040000  00001312  0003ecee  R  X
  SRAM                  20000000   00008000  0000034e  00007cb2  RW X


SEGMENT ALLOCATION MAP

run origin  load origin   length   init length attrs members
----------  ----------- ---------- ----------- ----- -------
00000000    00000000    00001314   00001314    r-x
  00000000    00000000    0000026c   0000026c    r-- .intvecs
  0000026c    0000026c    00000ffe   00000ffe    r-x .text
  0000126a    0000126a    00000004   00000004    r-- .const
  00001270    00001270    000000a4   000000a4    r-- .cinit
20000000    20000000    0000034e   00000000    rw-
  20000000    20000000    00000200   00000000    rw- .stack
  20000200    20000200    0000014e   00000000    rw- .data


SECTION ALLOCATION MAP

 output                                  attributes/
section   page    origin      length       input sections
--------  ----  ----------  ----------   ----------------
.intvecs   0    00000000    0000026c     
                  00000000    0000026c     tm4c123gh6pm_startup_ccs.obj (.intvecs)

.text      0    0000026c    00000ffe     
                  0000026c    000008d8     Port.obj (.text)
                  00000b44    0000030c     Dio.obj (.text)
                  00000e50    000000a8     Os.obj (.text)
                  00000ef8    0000009c     rtsv7M4_T_le_v4SPD16_eabi.lib : memcpy_t2.asm.obj (.text)
                  00000f94    0000007c     Button.obj (.text)
                  00001010    0000007c     Gpt.obj (.text)
                  0000108c    00000068     rtsv7M4_T_le_v4SPD16_eabi.lib : copy_decompress_lzss.c.obj (.text:decompress:lzss:__TI_decompress_lzss)
                  000010f4    0000005c     App.obj (.text)
                  00001150    00000044     rtsv7M4_T_le_v4SPD16_eabi.lib : autoinit.c.obj (.text:__TI_auto_init_nobinit_nopinit:__TI_auto_init_nobinit_nopinit)
                  00001194    0000003e     Led.obj (.text)
                  000011d2    00000002     --HOLE-- [fill = 0]
                  000011d4    00000034     rtsv7M4_T_le_v4SPD16_eabi.lib : boot_cortex_m.c.obj (.text:_c_int00_noargs:_c_int00_noargs)
                  00001208    00000020     Mcu.obj (.text)
                  00001228    00000016     Det.obj (.text)
                  0000123e    0000000e     rtsv7M4_T_le_v4SPD16_eabi.lib : copy_decompress_none.c.obj (.text:decompress:none:__TI_decompress_none)
                  0000124c    0000000c     tm4c123gh6pm_startup_ccs.obj (.text)
                  00001258    0000000a     main.obj (.text)
                  00001262    00000004     rtsv7M4_T_le_v4SPD16_eabi.lib : pre_init.c.obj (.text:_system_pre_init)
                  00001266    00000004                                   : exit.c.obj (.text:abort:abort)

.const     0    0000126a    00000004     
                  0000126a    00000004     Dio_PBcfg.obj (.const:Dio_Configuration)

.cinit     0    00001270    000000a4     
                  00001270    00000092     (.cinit..data.load) [load image, compression = lzss]
                  00001302    00000002     --HOLE-- [fill = 0]
                  00001304    00000008     (__TI_handler_table)
                  0000130c    00000008     (__TI_cinit_table)

.init_array 
*          0    00000000    00000000     UNINITIALIZED

.data      0    20000200    0000014e     UNINITIALIZED
                  20000200    00000138     Port_PBcfg.obj (.data:Port_Configuration)
                  20000338    00000005     Dio.obj (.data)
                  2000033d    00000003     Button.obj (.data)
                  20000340    00000005     Port.obj (.data)
                  20000345    00000002     App.obj (.data)
                  20000347    00000001     --HOLE--
                  20000348    00000004     Gpt.obj (.data)
                  2000034c    00000002     Os.obj (.data)

.stack     0    20000000    00000200     UNINITIALIZED
                  20000000    00000004     rtsv7M4_T_le_v4SPD16_eabi.lib : boot_cortex_m.c.obj (.stack)
                  20000004    000001fc     --HOLE--

__llvm_prf_cnts 
*          0    20000000    00000000     UNINITIALIZED

MODULE SUMMARY

       Module                         code   ro data   rw data
       ------                         ----   -------   -------
    .\
       Port.obj                       2264   0         5      
       Dio.obj                        780    0         5      
       tm4c123gh6pm_startup_ccs.obj   12     620       0      
       Port_PBcfg.obj                 0      0         312    
       Os.obj                         168    0         2      
       Gpt.obj                        124    0         4      
       Button.obj                     124    0         3      
       App.obj                        92     0         2      
       Led.obj                        62     0         0      
       Mcu.obj                        32     0         0      
       Det.obj                        22     0         0      
       main.obj                       10     0         0      
       Dio_PBcfg.obj                  0      4         0      
    +--+------------------------------+------+---------+---------+
       Total:                         3690   624       333    
                                                              
    C:\ti\ccs1271\ccs\tools\compiler\ti-cgt-arm_20.2.7.LTS\lib\rtsv7M4_T_le_v4SPD16_eabi.lib
       memcpy_t2.asm.obj              156    0         0      
       copy_decompress_lzss.c.obj     104    0         0      
       autoinit.c.obj                 68     0         0      
       boot_cortex_m.c.obj            52     0         0      
       copy_decompress_none.c.obj     14     0         0      
       exit.c.obj                     4      0         0      
       pre_init.c.obj                 4      0         0      
    +--+------------------------------+------+---------+---------+
       Total:                         402    0         0      
                                                              
       Stack:                         0      0         512    
       Linker Generated:              0      162       0      
    +--+------------------------------+------+---------+---------+
       Grand Total:                   4092   786       845    


LINKER GENERATED COPY TABLES

__TI_cinit_table @ 0000130c records: 1, size/record: 8, table size: 8
	.data: load addr=00001270, load size=00000092 bytes, run addr=20000200, run size=0000014e bytes, compression=lzss


LINKER GENERATED HANDLER TABLE

__TI_handler_table @ 00001304 records: 2, size/record: 4, table size: 8
	index: 0, handler: __TI_decompress_lzss
	index: 1, handler: __TI_decompress_none


GLOBAL SYMBOLS: SORTED ALPHABETICALLY BY Name 

address   name                          
-------   ----                          
00001119  App_Task                      
00000f95  Button_GetState               
00000f9b  Button_RefreshState           
00001109  Button_Task                   
00001267  C$$EXIT                       
00001229  Det_ReportError               
0000126a  Dio_Configuration             
00000d23  Dio_FlipChannel               
00000b45  Dio_Init                      
00000c49  Dio_ReadChannel               
00000b69  Dio_WriteChannel              
000010f5  Init_Task                     
000011ad  Led_RefreshOutput             
000011a1  Led_SetOff                    
00001195  Led_SetOn                     
00001111  Led_Task                      
000011c5  Led_Toggle                    
00001209  Mcu_Init                      
00000e6b  Os_NewTimerTick               
00000e7b  Os_Scheduler                  
00000e51  Os_start                      
20000200  Port_Configuration            
0000026d  Port_Init                     
00000839  Port_RefreshPortDirection     
0000065d  Port_SetPinDirection          
0000092b  Port_SetPinMode               
0000124d  ResetISR                      
00001011  SysTick_Handler               
00001069  SysTick_SetCallBack           
00001021  SysTick_Start                 
00001061  SysTick_Stop                  
20000200  __STACK_END                   
00000200  __STACK_SIZE                  
20000200  __STACK_TOP                   
0000130c  __TI_CINIT_Base               
00001314  __TI_CINIT_Limit              
00001304  __TI_Handler_Table_Base       
0000130c  __TI_Handler_Table_Limit      
00001151  __TI_auto_init_nobinit_nopinit
0000108d  __TI_decompress_lzss          
0000123f  __TI_decompress_none          
ffffffff  __TI_pprof_out_hndl           
ffffffff  __TI_prof_data_size           
ffffffff  __TI_prof_data_start          
00000000  __TI_static_base__            
00000ef9  __aeabi_memcpy                
00000ef9  __aeabi_memcpy4               
00000ef9  __aeabi_memcpy8               
ffffffff  __binit__                     
ffffffff  __c_args__                    
UNDEFED   __mpu_init                    
20000000  __stack                       
20000000  __start___llvm_prf_cnts       
20000000  __stop___llvm_prf_cnts        
000011d5  _c_int00_noargs               
UNDEFED   _system_post_cinit            
00001263  _system_pre_init              
00001267  abort                         
ffffffff  binit                         
00000000  g_pfnVectors                  
00001259  main                          
00000ef9  memcpy                        


GLOBAL SYMBOLS: SORTED BY Symbol Address 

address   name                          
-------   ----                          
00000000  __TI_static_base__            
00000000  g_pfnVectors                  
00000200  __STACK_SIZE                  
0000026d  Port_Init                     
0000065d  Port_SetPinDirection          
00000839  Port_RefreshPortDirection     
0000092b  Port_SetPinMode               
00000b45  Dio_Init                      
00000b69  Dio_WriteChannel              
00000c49  Dio_ReadChannel               
00000d23  Dio_FlipChannel               
00000e51  Os_start                      
00000e6b  Os_NewTimerTick               
00000e7b  Os_Scheduler                  
00000ef9  __aeabi_memcpy                
00000ef9  __aeabi_memcpy4               
00000ef9  __aeabi_memcpy8               
00000ef9  memcpy                        
00000f95  Button_GetState               
00000f9b  Button_RefreshState           
00001011  SysTick_Handler               
00001021  SysTick_Start                 
00001061  SysTick_Stop                  
00001069  SysTick_SetCallBack           
0000108d  __TI_decompress_lzss          
000010f5  Init_Task                     
00001109  Button_Task                   
00001111  Led_Task                      
00001119  App_Task                      
00001151  __TI_auto_init_nobinit_nopinit
00001195  Led_SetOn                     
000011a1  Led_SetOff                    
000011ad  Led_RefreshOutput             
000011c5  Led_Toggle                    
000011d5  _c_int00_noargs               
00001209  Mcu_Init                      
00001229  Det_ReportError               
0000123f  __TI_decompress_none          
0000124d  ResetISR                      
00001259  main                          
00001263  _system_pre_init              
00001267  C$$EXIT                       
00001267  abort                         
0000126a  Dio_Configuration             
00001304  __TI_Handler_Table_Base       
0000130c  __TI_CINIT_Base               
0000130c  __TI_Handler_Table_Limit      
00001314  __TI_CINIT_Limit              
20000000  __stack                       
20000000  __start___llvm_prf_cnts       
20000000  __stop___llvm_prf_cnts        
20000200  Port_Configuration            
20000200  __STACK_END                   
20000200  __STACK_TOP                   
ffffffff  __TI_pprof_out_hndl           
ffffffff  __TI_prof_data_size           
ffffffff  __TI_prof_data_start          
ffffffff  __binit__                     
ffffffff  __c_args__                    
ffffffff  binit                         
UNDEFED   __mpu_init                    
UNDEFED   _system_post_cinit            

[62 symbols]
